<html>
<body>
<pre>
<h1>礦ision Build Log</h1>
<h2>Project:</h2>
E:\Project\化学主控\code\cham\chm.uvproj
Project File Date:  01/07/2014

<h2>Output:</h2>
Rebuild target 'Target 1'
assembling startup_stm32f10x_hd.s...
linking...
chm.axf: Warning: L6665W: Neither Lib$$Request$$armlib Lib$$Request$$cpplib defined, not searching ARM libraries.
chm.axf: Error: L6411E: No compatible library exists with a definition of startup symbol __main.
Target not created
compiling amain.c...
amain.c(1): warning:  #951-D: return type of function "main" must be "int"
amain.c - 0 Error(s), 1 Warning(s).
compiling amain.c...
amain.c(8): warning:  #111-D: statement is unreachable
amain.c - 0 Error(s), 1 Warning(s).
Build target 'Target 1'
linking...
chm.axf: Error: L6218E: Undefined symbol SystemInit (referred from startup_stm32f10x_hd.o).
Target not created
compiling amain.c...
amain.c - 0 Error(s), 0 Warning(s).
Build target 'Target 1'
linking...
chm.axf: Error: L6218E: Undefined symbol SystemInit (referred from startup_stm32f10x_hd.o).
Target not created
Rebuild target 'Target 1'
assembling startup_stm32f10x_hd.s...
compiling amain.c...
linking...
chm.axf: Error: L6218E: Undefined symbol SystemInit (referred from startup_stm32f10x_hd.o).
Target not created
Rebuild target 'Target 1'
assembling startup_stm32f10x_hd.s...
compiling amain.c...
linking...
chm.axf: Error: L6218E: Undefined symbol SystemInit (referred from startup_stm32f10x_hd.o).
Target not created
Build target 'Target 1'
linking...
chm.axf: Error: L6218E: Undefined symbol SystemInit (referred from startup_stm32f10x_hd.o).
Target not created
Rebuild target 'Target 1'
assembling startup_stm32f10x_hd.s...
compiling amain.c...
linking...
chm.axf: Error: L6218E: Undefined symbol SystemInit (referred from startup_stm32f10x_hd.o).
Target not created
Load "E:\\Project\\化学主控\\code\\cham\\chm.AXF" 
_____^
*** error 56: cannot open file
Build target 'Target 1'
linking...
chm.axf: Error: L6218E: Undefined symbol SystemInit (referred from startup_stm32f10x_hd.o).
Target not created
Load "E:\\Project\\化学主控\\code\\cham\\chm.AXF" 
_____^
*** error 56: cannot open file
Load "E:\\Project\\化学主控\\code\\cham\\chm.AXF" 
_____^
*** error 56: cannot open file
Build target 'Target 1'
compiling stm32f10x_it.c...
compiling main.c...
main.c(24): error:  #5: cannot open source input file "stm32_eval.h": No such file or directory
compiling system_stm32f10x.c...
compiling stm32f10x_crc.c...
STM32F10x_StdPeriph_Driver\src\stm32f10x_crc.c(23): error:  #5: cannot open source input file "stm32f10x_crc.h": No such file or directory
compiling stm32f10x_iwdg.c...
STM32F10x_StdPeriph_Driver\src\stm32f10x_iwdg.c(23): error:  #5: cannot open source input file "stm32f10x_iwdg.h": No such file or directory
compiling stm32f10x_dbgmcu.c...
STM32F10x_StdPeriph_Driver\src\stm32f10x_dbgmcu.c(23): error:  #5: cannot open source input file "stm32f10x_dbgmcu.h": No such file or directory
compiling stm32f10x_wwdg.c...
STM32F10x_StdPeriph_Driver\src\stm32f10x_wwdg.c(23): error:  #5: cannot open source input file "stm32f10x_wwdg.h": No such file or directory
compiling stm32f10x_exti.c...
STM32F10x_StdPeriph_Driver\src\stm32f10x_exti.c(23): error:  #5: cannot open source input file "stm32f10x_exti.h": No such file or directory
compiling misc.c...
STM32F10x_StdPeriph_Driver\src\misc.c(24): error:  #5: cannot open source input file "misc.h": No such file or directory
compiling stm32f10x_bkp.c...
STM32F10x_StdPeriph_Driver\src\stm32f10x_bkp.c(23): error:  #5: cannot open source input file "stm32f10x_bkp.h": No such file or directory
compiling stm32f10x_rtc.c...
STM32F10x_StdPeriph_Driver\src\stm32f10x_rtc.c(23): error:  #5: cannot open source input file "stm32f10x_rtc.h": No such file or directory
compiling stm32f10x_pwr.c...
STM32F10x_StdPeriph_Driver\src\stm32f10x_pwr.c(23): error:  #5: cannot open source input file "stm32f10x_pwr.h": No such file or directory
compiling stm32f10x_cec.c...
STM32F10x_StdPeriph_Driver\src\stm32f10x_cec.c(23): error:  #5: cannot open source input file "stm32f10x_cec.h": No such file or directory
compiling stm32f10x_dac.c...
STM32F10x_StdPeriph_Driver\src\stm32f10x_dac.c(23): error:  #5: cannot open source input file "stm32f10x_dac.h": No such file or directory
compiling stm32f10x_gpio.c...
STM32F10x_StdPeriph_Driver\src\stm32f10x_gpio.c(23): error:  #5: cannot open source input file "stm32f10x_gpio.h": No such file or directory
compiling stm32f10x_sdio.c...
STM32F10x_StdPeriph_Driver\src\stm32f10x_sdio.c(23): error:  #5: cannot open source input file "stm32f10x_sdio.h": No such file or directory
compiling stm32f10x_dma.c...
STM32F10x_StdPeriph_Driver\src\stm32f10x_dma.c(23): error:  #5: cannot open source input file "stm32f10x_dma.h": No such file or directory
compiling stm32f10x_spi.c...
STM32F10x_StdPeriph_Driver\src\stm32f10x_spi.c(23): error:  #5: cannot open source input file "stm32f10x_spi.h": No such file or directory
compiling stm32f10x_fsmc.c...
STM32F10x_StdPeriph_Driver\src\stm32f10x_fsmc.c(23): error:  #5: cannot open source input file "stm32f10x_fsmc.h": No such file or directory
compiling stm32f10x_usart.c...
STM32F10x_StdPeriph_Driver\src\stm32f10x_usart.c(23): error:  #5: cannot open source input file "stm32f10x_usart.h": No such file or directory
compiling stm32f10x_can.c...
STM32F10x_StdPeriph_Driver\src\stm32f10x_can.c(23): error:  #5: cannot open source input file "stm32f10x_can.h": No such file or directory
compiling stm32f10x_i2c.c...
STM32F10x_StdPeriph_Driver\src\stm32f10x_i2c.c(23): error:  #5: cannot open source input file "stm32f10x_i2c.h": No such file or directory
compiling stm32f10x_adc.c...
STM32F10x_StdPeriph_Driver\src\stm32f10x_adc.c(23): error:  #5: cannot open source input file "stm32f10x_adc.h": No such file or directory
compiling stm32f10x_rcc.c...
STM32F10x_StdPeriph_Driver\src\stm32f10x_rcc.c(23): error:  #5: cannot open source input file "stm32f10x_rcc.h": No such file or directory
compiling stm32f10x_flash.c...
STM32F10x_StdPeriph_Driver\src\stm32f10x_flash.c(23): error:  #5: cannot open source input file "stm32f10x_flash.h": No such file or directory
compiling stm32f10x_tim.c...
STM32F10x_StdPeriph_Driver\src\stm32f10x_tim.c(23): error:  #5: cannot open source input file "stm32f10x_tim.h": No such file or directory
compiling core_cm3.c...
Target not created
Build target 'Target 1'
compiling stm32f10x_it.c...
compiling main.c...
main.c(24): error:  #5: cannot open source input file "stm32_eval.h": No such file or directory
compiling system_stm32f10x.c...
compiling stm32f10x_crc.c...
C:\Keil\ARM\Inc\ST\STM32F10x\stm32f10x.h(96): error:  #35: #error directive: "Please select first the target STM32F10x device used in your application (in stm32f10x.h file)"
compiling stm32f10x_iwdg.c...
C:\Keil\ARM\Inc\ST\STM32F10x\stm32f10x.h(96): error:  #35: #error directive: "Please select first the target STM32F10x device used in your application (in stm32f10x.h file)"
compiling stm32f10x_dbgmcu.c...
C:\Keil\ARM\Inc\ST\STM32F10x\stm32f10x.h(96): error:  #35: #error directive: "Please select first the target STM32F10x device used in your application (in stm32f10x.h file)"
compiling stm32f10x_wwdg.c...
C:\Keil\ARM\Inc\ST\STM32F10x\stm32f10x.h(96): error:  #35: #error directive: "Please select first the target STM32F10x device used in your application (in stm32f10x.h file)"
compiling stm32f10x_exti.c...
C:\Keil\ARM\Inc\ST\STM32F10x\stm32f10x.h(96): error:  #35: #error directive: "Please select first the target STM32F10x device used in your application (in stm32f10x.h file)"
compiling misc.c...
C:\Keil\ARM\Inc\ST\STM32F10x\stm32f10x.h(96): error:  #35: #error directive: "Please select first the target STM32F10x device used in your application (in stm32f10x.h file)"
compiling stm32f10x_bkp.c...
C:\Keil\ARM\Inc\ST\STM32F10x\stm32f10x.h(96): error:  #35: #error directive: "Please select first the target STM32F10x device used in your application (in stm32f10x.h file)"
compiling stm32f10x_rtc.c...
C:\Keil\ARM\Inc\ST\STM32F10x\stm32f10x.h(96): error:  #35: #error directive: "Please select first the target STM32F10x device used in your application (in stm32f10x.h file)"
compiling stm32f10x_pwr.c...
C:\Keil\ARM\Inc\ST\STM32F10x\stm32f10x.h(96): error:  #35: #error directive: "Please select first the target STM32F10x device used in your application (in stm32f10x.h file)"
compiling stm32f10x_cec.c...
C:\Keil\ARM\Inc\ST\STM32F10x\stm32f10x.h(96): error:  #35: #error directive: "Please select first the target STM32F10x device used in your application (in stm32f10x.h file)"
compiling stm32f10x_dac.c...
C:\Keil\ARM\Inc\ST\STM32F10x\stm32f10x.h(96): error:  #35: #error directive: "Please select first the target STM32F10x device used in your application (in stm32f10x.h file)"
compiling stm32f10x_gpio.c...
C:\Keil\ARM\Inc\ST\STM32F10x\stm32f10x.h(96): error:  #35: #error directive: "Please select first the target STM32F10x device used in your application (in stm32f10x.h file)"
compiling stm32f10x_sdio.c...
C:\Keil\ARM\Inc\ST\STM32F10x\stm32f10x.h(96): error:  #35: #error directive: "Please select first the target STM32F10x device used in your application (in stm32f10x.h file)"
compiling stm32f10x_dma.c...
C:\Keil\ARM\Inc\ST\STM32F10x\stm32f10x.h(96): error:  #35: #error directive: "Please select first the target STM32F10x device used in your application (in stm32f10x.h file)"
compiling stm32f10x_spi.c...
C:\Keil\ARM\Inc\ST\STM32F10x\stm32f10x.h(96): error:  #35: #error directive: "Please select first the target STM32F10x device used in your application (in stm32f10x.h file)"
compiling stm32f10x_fsmc.c...
C:\Keil\ARM\Inc\ST\STM32F10x\stm32f10x.h(96): error:  #35: #error directive: "Please select first the target STM32F10x device used in your application (in stm32f10x.h file)"
compiling stm32f10x_usart.c...
C:\Keil\ARM\Inc\ST\STM32F10x\stm32f10x.h(96): error:  #35: #error directive: "Please select first the target STM32F10x device used in your application (in stm32f10x.h file)"
compiling stm32f10x_can.c...
C:\Keil\ARM\Inc\ST\STM32F10x\stm32f10x.h(96): error:  #35: #error directive: "Please select first the target STM32F10x device used in your application (in stm32f10x.h file)"
compiling stm32f10x_i2c.c...
C:\Keil\ARM\Inc\ST\STM32F10x\stm32f10x.h(96): error:  #35: #error directive: "Please select first the target STM32F10x device used in your application (in stm32f10x.h file)"
compiling stm32f10x_adc.c...
C:\Keil\ARM\Inc\ST\STM32F10x\stm32f10x.h(96): error:  #35: #error directive: "Please select first the target STM32F10x device used in your application (in stm32f10x.h file)"
compiling stm32f10x_rcc.c...
C:\Keil\ARM\Inc\ST\STM32F10x\stm32f10x.h(96): error:  #35: #error directive: "Please select first the target STM32F10x device used in your application (in stm32f10x.h file)"
compiling stm32f10x_flash.c...
C:\Keil\ARM\Inc\ST\STM32F10x\stm32f10x.h(96): error:  #35: #error directive: "Please select first the target STM32F10x device used in your application (in stm32f10x.h file)"
compiling stm32f10x_tim.c...
C:\Keil\ARM\Inc\ST\STM32F10x\stm32f10x.h(96): error:  #35: #error directive: "Please select first the target STM32F10x device used in your application (in stm32f10x.h file)"
compiling core_cm3.c...
Target not created
Rebuild target 'Target 1'
compiling stm32f10x_it.c...
compiling main.c...
main.c(24): error:  #5: cannot open source input file "stm32_eval.h": No such file or directory
compiling system_stm32f10x.c...
compiling stm32f10x_crc.c...
C:\Keil\ARM\Inc\ST\STM32F10x\stm32f10x.h(8297): error:  #5: cannot open source input file "stm32f10x_conf.h": No such file or directory
compiling stm32f10x_iwdg.c...
C:\Keil\ARM\Inc\ST\STM32F10x\stm32f10x.h(8297): error:  #5: cannot open source input file "stm32f10x_conf.h": No such file or directory
compiling stm32f10x_dbgmcu.c...
C:\Keil\ARM\Inc\ST\STM32F10x\stm32f10x.h(8297): error:  #5: cannot open source input file "stm32f10x_conf.h": No such file or directory
compiling stm32f10x_wwdg.c...
C:\Keil\ARM\Inc\ST\STM32F10x\stm32f10x.h(8297): error:  #5: cannot open source input file "stm32f10x_conf.h": No such file or directory
compiling stm32f10x_exti.c...
C:\Keil\ARM\Inc\ST\STM32F10x\stm32f10x.h(8297): error:  #5: cannot open source input file "stm32f10x_conf.h": No such file or directory
compiling misc.c...
C:\Keil\ARM\Inc\ST\STM32F10x\stm32f10x.h(8297): error:  #5: cannot open source input file "stm32f10x_conf.h": No such file or directory
compiling stm32f10x_bkp.c...
C:\Keil\ARM\Inc\ST\STM32F10x\stm32f10x.h(8297): error:  #5: cannot open source input file "stm32f10x_conf.h": No such file or directory
compiling stm32f10x_rtc.c...
C:\Keil\ARM\Inc\ST\STM32F10x\stm32f10x.h(8297): error:  #5: cannot open source input file "stm32f10x_conf.h": No such file or directory
compiling stm32f10x_pwr.c...
C:\Keil\ARM\Inc\ST\STM32F10x\stm32f10x.h(8297): error:  #5: cannot open source input file "stm32f10x_conf.h": No such file or directory
compiling stm32f10x_cec.c...
C:\Keil\ARM\Inc\ST\STM32F10x\stm32f10x.h(8297): error:  #5: cannot open source input file "stm32f10x_conf.h": No such file or directory
compiling stm32f10x_dac.c...
C:\Keil\ARM\Inc\ST\STM32F10x\stm32f10x.h(8297): error:  #5: cannot open source input file "stm32f10x_conf.h": No such file or directory
compiling stm32f10x_gpio.c...
C:\Keil\ARM\Inc\ST\STM32F10x\stm32f10x.h(8297): error:  #5: cannot open source input file "stm32f10x_conf.h": No such file or directory
compiling stm32f10x_sdio.c...
C:\Keil\ARM\Inc\ST\STM32F10x\stm32f10x.h(8297): error:  #5: cannot open source input file "stm32f10x_conf.h": No such file or directory
compiling stm32f10x_dma.c...
C:\Keil\ARM\Inc\ST\STM32F10x\stm32f10x.h(8297): error:  #5: cannot open source input file "stm32f10x_conf.h": No such file or directory
compiling stm32f10x_spi.c...
C:\Keil\ARM\Inc\ST\STM32F10x\stm32f10x.h(8297): error:  #5: cannot open source input file "stm32f10x_conf.h": No such file or directory
compiling stm32f10x_fsmc.c...
C:\Keil\ARM\Inc\ST\STM32F10x\stm32f10x.h(8297): error:  #5: cannot open source input file "stm32f10x_conf.h": No such file or directory
compiling stm32f10x_usart.c...
C:\Keil\ARM\Inc\ST\STM32F10x\stm32f10x.h(8297): error:  #5: cannot open source input file "stm32f10x_conf.h": No such file or directory
compiling stm32f10x_can.c...
C:\Keil\ARM\Inc\ST\STM32F10x\stm32f10x.h(8297): error:  #5: cannot open source input file "stm32f10x_conf.h": No such file or directory
compiling stm32f10x_i2c.c...
C:\Keil\ARM\Inc\ST\STM32F10x\stm32f10x.h(8297): error:  #5: cannot open source input file "stm32f10x_conf.h": No such file or directory
compiling stm32f10x_adc.c...
C:\Keil\ARM\Inc\ST\STM32F10x\stm32f10x.h(8297): error:  #5: cannot open source input file "stm32f10x_conf.h": No such file or directory
compiling stm32f10x_rcc.c...
C:\Keil\ARM\Inc\ST\STM32F10x\stm32f10x.h(8297): error:  #5: cannot open source input file "stm32f10x_conf.h": No such file or directory
compiling stm32f10x_flash.c...
C:\Keil\ARM\Inc\ST\STM32F10x\stm32f10x.h(8297): error:  #5: cannot open source input file "stm32f10x_conf.h": No such file or directory
compiling stm32f10x_tim.c...
C:\Keil\ARM\Inc\ST\STM32F10x\stm32f10x.h(8297): error:  #5: cannot open source input file "stm32f10x_conf.h": No such file or directory
compiling core_cm3.c...
assembling startup_stm32f10x_hd.s...
Target not created
Rebuild target 'Target 1'
compiling stm32f10x_it.c...
compiling main.c...
main.c(24): error:  #5: cannot open source input file "stm32_eval.h": No such file or directory
compiling system_stm32f10x.c...
compiling stm32f10x_crc.c...
compiling stm32f10x_iwdg.c...
compiling stm32f10x_dbgmcu.c...
compiling stm32f10x_wwdg.c...
compiling stm32f10x_exti.c...
compiling misc.c...
compiling stm32f10x_bkp.c...
compiling stm32f10x_rtc.c...
compiling stm32f10x_pwr.c...
compiling stm32f10x_cec.c...
compiling stm32f10x_dac.c...
compiling stm32f10x_gpio.c...
compiling stm32f10x_sdio.c...
compiling stm32f10x_dma.c...
compiling stm32f10x_spi.c...
compiling stm32f10x_fsmc.c...
compiling stm32f10x_usart.c...
compiling stm32f10x_can.c...
compiling stm32f10x_i2c.c...
compiling stm32f10x_adc.c...
compiling stm32f10x_rcc.c...
compiling stm32f10x_flash.c...
compiling stm32f10x_tim.c...
compiling core_cm3.c...
assembling startup_stm32f10x_hd.s...
Target not created
Rebuild target 'Target 1'
compiling stm32f10x_it.c...
compiling main.c...
main.c(24): error:  #5: cannot open source input file "stm32_eval.h": No such file or directory
compiling system_stm32f10x.c...
compiling stm32f10x_crc.c...
compiling stm32f10x_iwdg.c...
compiling stm32f10x_dbgmcu.c...
compiling stm32f10x_wwdg.c...
compiling stm32f10x_exti.c...
compiling misc.c...
compiling stm32f10x_bkp.c...
compiling stm32f10x_rtc.c...
compiling stm32f10x_pwr.c...
compiling stm32f10x_cec.c...
compiling stm32f10x_dac.c...
compiling stm32f10x_gpio.c...
compiling stm32f10x_sdio.c...
compiling stm32f10x_dma.c...
compiling stm32f10x_spi.c...
compiling stm32f10x_fsmc.c...
compiling stm32f10x_usart.c...
compiling stm32f10x_can.c...
compiling stm32f10x_i2c.c...
compiling stm32f10x_adc.c...
compiling stm32f10x_rcc.c...
compiling stm32f10x_flash.c...
compiling stm32f10x_tim.c...
compiling core_cm3.c...
assembling startup_stm32f10x_hd.s...
Target not created
Build target 'Target 1'
compiling main.c...
main.c(29): warning:  #1-D: last line of file ends without a newline
linking...
Program Size: Code=2736 RO-data=336 RW-data=40 ZI-data=1632  
FromELF: creating hex file...
".\obj\chm.axf" - 0 Error(s), 1 Warning(s).
compiling main.c...
main.c(31): warning:  #1-D: last line of file ends without a newline
main.c - 0 Error(s), 1 Warning(s).
compiling main.c...
main.c(28): warning:  #1-D: last line of file ends without a newline
main.c - 0 Error(s), 1 Warning(s).
compiling main.c...
main.c(31): warning:  #1-D: last line of file ends without a newline
main.c - 0 Error(s), 1 Warning(s).
compiling main.c...
main.c(31): warning:  #1-D: last line of file ends without a newline
main.c - 0 Error(s), 1 Warning(s).
Build target 'Target 1'
linking...
Program Size: Code=2692 RO-data=336 RW-data=40 ZI-data=1632  
FromELF: creating hex file...
".\obj\chm.axf" - 0 Error(s), 0 Warning(s).
Load "E:\\Project\\化学主控\\code\\cham\\obj\\chm.AXF" 
Internal DLL Error
Load "E:\\Project\\化学主控\\code\\cham\\obj\\chm.AXF" 
Internal DLL Error
Load "E:\\Project\\化学主控\\code\\cham\\obj\\chm.AXF" 
Internal DLL Error
Load "E:\\Project\\化学主控\\code\\cham\\obj\\chm.AXF" 
Set JLink Project File to "E:\Project\化学主控\code\cham\JLinkSettings.ini"
* JLink Info: Device "STM32F103RC" selected (256 KB flash, 48 KB RAM).
 
JLink info:
------------
DLL: V4.54a, compiled Sep 17 2012 15:58:45
Firmware: J-Link ARM V8 compiled Dec  1 2009 11:42:48
Hardware: V8.00
S/N : 270676280 
Feature(s) : RDI,FlashDL,FlashBP,JFlash,GDBFULL 
 
* JLink Info: Could not measure total IR len. TDO is constant high.
* JLink Info: STM32F1xxx: Can not attach to CPU. Trying connect under reset.
* JLink Info: Could not measure total IR len. TDO is constant high.
Load "E:\\Project\\化学主控\\code\\cham\\obj\\chm.AXF" 
Set JLink Project File to "E:\Project\化学主控\code\cham\JLinkSettings.ini"
* JLink Info: Device "STM32F103RC" selected (256 KB flash, 48 KB RAM).
 
JLink info:
------------
DLL: V4.54a, compiled Sep 17 2012 15:58:45
Firmware: J-Link ARM V8 compiled Dec  1 2009 11:42:48
Hardware: V8.00
S/N : 270676280 
Feature(s) : RDI,FlashDL,FlashBP,JFlash,GDBFULL 
 
* JLink Info: Could not measure total IR len. TDO is constant high.
* JLink Info: STM32F1xxx: Can not attach to CPU. Trying connect under reset.
* JLink Info: Could not measure total IR len. TDO is constant high.
Load "E:\\Project\\化学主控\\code\\cham\\obj\\chm.AXF" 
Set JLink Project File to "E:\Project\化学主控\code\cham\JLinkSettings.ini"
* JLink Info: Device "STM32F103RC" selected (256 KB flash, 48 KB RAM).
 
JLink info:
------------
DLL: V4.54a, compiled Sep 17 2012 15:58:45
Firmware: J-Link ARM V8 compiled Dec  1 2009 11:42:48
Hardware: V8.00
S/N : 270676280 
Feature(s) : RDI,FlashDL,FlashBP,JFlash,GDBFULL 
 
* JLink Info: Could not measure total IR len. TDO is constant high.
* JLink Info: STM32F1xxx: Can not attach to CPU. Trying connect under reset.
* JLink Info: Could not measure total IR len. TDO is constant high.
Load "E:\\Project\\化学主控\\code\\cham\\obj\\chm.AXF" 
Set JLink Project File to "E:\Project\化学主控\code\cham\JLinkSettings.ini"
* JLink Info: Device "STM32F103RC" selected (256 KB flash, 48 KB RAM).
 
JLink info:
------------
DLL: V4.54a, compiled Sep 17 2012 15:58:45
Firmware: J-Link ARM V8 compiled Dec  1 2009 11:42:48
Hardware: V8.00
S/N : 270676280 
Feature(s) : RDI,FlashDL,FlashBP,JFlash,GDBFULL 
 
* JLink Info: Could not measure total IR len. TDO is constant high.
* JLink Info: STM32F1xxx: Can not attach to CPU. Trying connect under reset.
* JLink Info: Could not measure total IR len. TDO is constant high.
Load "E:\\Project\\化学主控\\code\\cham\\obj\\chm.AXF" 
Set JLink Project File to "E:\Project\化学主控\code\cham\JLinkSettings.ini"
* JLink Info: Device "STM32F103RC" selected (256 KB flash, 48 KB RAM).
 
JLink info:
------------
DLL: V4.54a, compiled Sep 17 2012 15:58:45
Firmware: J-Link ARM V8 compiled Dec  1 2009 11:42:48
Hardware: V8.00
S/N : 270676280 
Feature(s) : RDI,FlashDL,FlashBP,JFlash,GDBFULL 
 
* JLink Info: Could not measure total IR len. TDO is constant high.
* JLink Info: STM32F1xxx: Can not attach to CPU. Trying connect under reset.
* JLink Info: Could not measure total IR len. TDO is constant high.
Load "E:\\Project\\化学主控\\code\\cham\\obj\\chm.AXF" 

Cannot load driver 'C:\Keil\ARM\Segger\JL2CM3.dll'.

Possible Reasons:
 - Driver DLL could not be found in the specified path
 - Driver DLL requires additional DLL's which are not installed
 - Required Hardware Drivers are not installed
Load "E:\\Project\\化学主控\\code\\cham\\obj\\chm.AXF" 

Cannot load driver 'C:\Keil\ARM\Segger\JL2CM3.dll'.

Possible Reasons:
 - Driver DLL could not be found in the specified path
 - Driver DLL requires additional DLL's which are not installed
 - Required Hardware Drivers are not installed
Load "E:\\Project\\化学主控\\code\\cham\\obj\\chm.AXF" 

Cannot load driver 'C:\Keil\ARM\Segger\JL2CM3.dll'.

Possible Reasons:
 - Driver DLL could not be found in the specified path
 - Driver DLL requires additional DLL's which are not installed
 - Required Hardware Drivers are not installed
Load "E:\\Project\\化学主控\\code\\cham\\obj\\chm.AXF" 
Set JLink Project File to "E:\Project\化学主控\code\cham\JLinkSettings.ini"
* JLink Info: Device "STM32F103RC" selected (256 KB flash, 48 KB RAM).
 
JLink info:
------------
DLL: V4.54a, compiled Sep 17 2012 15:58:45
Firmware: J-Link ARM V8 compiled Dec  1 2009 11:42:48
Hardware: V8.00
S/N : 270676280 
Feature(s) : RDI,FlashDL,FlashBP,JFlash,GDBFULL 
 
* JLink Info: Could not measure total IR len. TDO is constant high.
* JLink Info: STM32F1xxx: Can not attach to CPU. Trying connect under reset.
* JLink Info: Could not measure total IR len. TDO is constant high.
compiling system_stm32f10x.c...
system_stm32f10x.c - 0 Error(s), 0 Warning(s).
compiling main.c...
main.c(23): error:  #268: declaration may not appear after executable statement in block
main.c(45): warning:  #1-D: last line of file ends without a newline
main.c - 1 Error(s), 1 Warning(s).
compiling main.c...
main.c(48): warning:  #1-D: last line of file ends without a newline
main.c - 0 Error(s), 1 Warning(s).
Build target 'Target 1'
linking...
Program Size: Code=2720 RO-data=336 RW-data=40 ZI-data=1632  
FromELF: creating hex file...
".\obj\chm.axf" - 0 Error(s), 0 Warning(s).
compiling main.c...
main.c(49): warning:  #1-D: last line of file ends without a newline
main.c - 0 Error(s), 1 Warning(s).
Build target 'Target 1'
linking...
Program Size: Code=2724 RO-data=336 RW-data=40 ZI-data=1632  
FromELF: creating hex file...
".\obj\chm.axf" - 0 Error(s), 0 Warning(s).
compiling main.c...
main.c(51): warning:  #1-D: last line of file ends without a newline
main.c - 0 Error(s), 1 Warning(s).
Build target 'Target 1'
linking...
Program Size: Code=2736 RO-data=336 RW-data=40 ZI-data=1632  
FromELF: creating hex file...
".\obj\chm.axf" - 0 Error(s), 0 Warning(s).
Load "E:\\Project\\化学主控\\code\\cham\\obj\\chm.AXF" 
Set JLink Project File to "E:\Project\化学主控\code\cham\JLinkSettings.ini"
* JLink Info: Device "STM32F103RC" selected (256 KB flash, 48 KB RAM).
 
JLink info:
------------
DLL: V4.54a, compiled Sep 17 2012 15:58:45
Firmware: J-Link ARM V8 compiled Dec  1 2009 11:42:48
Hardware: V8.00
S/N : 270676280 
Feature(s) : RDI,FlashDL,FlashBP,JFlash,GDBFULL 
 
* JLink Info: Could not measure total IR len. TDO is constant high.
* JLink Info: STM32F1xxx: Can not attach to CPU. Trying connect under reset.
* JLink Info: Could not measure total IR len. TDO is constant high.
Load "E:\\Project\\化学主控\\code\\cham\\obj\\chm.AXF" 
Set JLink Project File to "E:\Project\化学主控\code\cham\JLinkSettings.ini"
* JLink Info: Device "STM32F103RC" selected (256 KB flash, 48 KB RAM).
 
JLink info:
------------
DLL: V4.54a, compiled Sep 17 2012 15:58:45
Firmware: J-Link ARM V8 compiled Dec  1 2009 11:42:48
Hardware: V8.00
S/N : 270676280 
Feature(s) : RDI,FlashDL,FlashBP,JFlash,GDBFULL 
 
* JLink Info: TotalIRLen = 9, IRPrint = 0x0011
* JLink Info: TotalIRLen = 9, IRPrint = 0x0011
* JLink Info: Found Cortex-M3 r1p1, Little endian.
* JLink Info: TPIU fitted.
* JLink Info: ETM fitted.
* JLink Info: FPUnit: 6 code (BP) slots and 2 literal slots
ROMTableAddr = 0xE00FF003
* JLink Info: Found Cortex-M3 r1p1, Little endian.
* JLink Info: TPIU fitted.
* JLink Info: ETM fitted.
* JLink Info: FPUnit: 6 code (BP) slots and 2 literal slots
**JLink Warning: Could not set S_RESET_ST
 
Target info:
------------
Device: STM32F103RC
VTarget = 3.313V
State of Pins: 
TCK: 1, TDI: 0, TDO: 0, TMS: 0, TRES: 1, TRST: 1
Hardware-Breakpoints: 6
Software-Breakpoints: 8192
Watchpoints:          4
JTAG speed: 50 kHz
 
Erase Done.
Programming Done.
Verify OK.
