<html>
<body>
<pre>
<h1>µVision Build Log</h1>
<h2>Project:</h2>
E:\Project\wateralarm\code\wateralarm_dev\wateralarm.uvproj
Project File Date:  01/27/2014

<h2>Output:</h2>
compiling main.c...
serial.h(19): warning:  #1-D: last line of file ends without a newline
TimerDevc.h(4): warning:  #1-D: last line of file ends without a newline
GetChipID.h(1): warning:  #1-D: last line of file ends without a newline
main.c - 0 Error(s), 3 Warning(s).
Build target 'Target 1'
compiling stm32f10x_it.c...
compiling system_stm32f10x.c...
compiling SERIAL.C...
compiling TimerDevc.c...
max1168.h(11): warning:  #1-D: last line of file ends without a newline
DS18B20.h(22): warning:  #1-D: last line of file ends without a newline
TimerDevc.c(76): warning:  #1-D: last line of file ends without a newline
compiling delay.c...
compiling UserTimer.c...
compiling GetChipID.c...
GetChipID.c(5): warning:  #550-D: variable "Lock_Code" was set but never used
compiling stm32f10x_crc.c...
compiling stm32f10x_iwdg.c...
compiling stm32f10x_dbgmcu.c...
compiling stm32f10x_wwdg.c...
compiling stm32f10x_exti.c...
compiling misc.c...
compiling stm32f10x_bkp.c...
compiling stm32f10x_rtc.c...
compiling stm32f10x_pwr.c...
compiling stm32f10x_cec.c...
compiling stm32f10x_dac.c...
compiling stm32f10x_gpio.c...
compiling stm32f10x_sdio.c...
compiling stm32f10x_dma.c...
compiling stm32f10x_spi.c...
compiling stm32f10x_fsmc.c...
compiling stm32f10x_usart.c...
compiling stm32f10x_can.c...
compiling stm32f10x_i2c.c...
Project build/rebuild aborted.
Target not created
Build target 'Target 1'
compiling stm32f10x_adc.c...
compiling stm32f10x_rcc.c...
compiling stm32f10x_flash.c...
compiling stm32f10x_tim.c...
compiling core_cm3.c...
assembling startup_stm32f10x_hd.s...
linking...
.\obj\wateralarm.axf: Error: L6218E: Undefined symbol readAllADC (referred from timerdevc.o).
Target not created
compiling TimerDevc.c...
max1168.h(11): warning:  #1-D: last line of file ends without a newline
DS18B20.h(22): warning:  #1-D: last line of file ends without a newline
TimerDevc.c(75): warning:  #1-D: last line of file ends without a newline
TimerDevc.c - 0 Error(s), 3 Warning(s).
Build target 'Target 1'
linking...
Program Size: Code=9168 RO-data=336 RW-data=56 ZI-data=1672  
FromELF: creating hex file...
".\obj\wateralarm.axf" - 0 Error(s), 0 Warning(s).
